// Jest Snapshot v1, https://goo.gl/fbAQLP

exports[`Request should render with loaded props 1`] = `
<SceneWrapper
  background="header"
  hasTabs={false}
>
  <View
    style={
      Object {
        "alignItems": "flex-start",
        "justifyContent": "flex-start",
        "marginHorizontal": 22,
      }
    }
  >
    <WithTheme(EdgeTextComponent)
      style={
        Object {
          "fontFamily": "Quicksand-Medium",
          "fontSize": 45,
        }
      }
    >
      Request
    </WithTheme(EdgeTextComponent)>
    <WithTheme(EdgeTextComponent)
      style={
        Object {
          "fontSize": 28,
          "marginBottom": 34,
        }
      }
    >
      You have 0 undefined
    </WithTheme(EdgeTextComponent)>
    <ExchangedFlipInput
      color="#FFFFFF"
      exchangeSecondaryToPrimaryRatio={Object {}}
      forceUpdateGuiCounter={0}
      headerText="Receive to undefined"
      inputAccessoryViewID=""
      isEditable={true}
      isFiatOnTop={true}
      isFocus={false}
      keyboardVisible={false}
      onExchangeAmountChanged={[Function]}
      onNext={[Function]}
      overridePrimaryExchangeAmount=""
      primaryCurrencyInfo={Object {}}
      secondaryCurrencyInfo={Object {}}
      topReturnKeyType="done"
    />
    <InputAccessoryView
      backgroundColor="rgba(255, 255, 255, 0.5)"
      nativeID="cancelHeaderId"
    >
      <View
        style={
          Object {
            "backgroundColor": "#FFFFFF",
            "flex": 1,
            "flexDirection": "row",
            "justifyContent": "space-between",
          }
        }
      >
        <ForwardRef
          onPress={[Function]}
          style={
            Object {
              "paddingHorizontal": 21.068661971830984,
              "paddingVertical": 9.832042253521127,
            }
          }
        >
          <Text
            style={
              Object {
                "color": "#0073D9",
                "fontSize": 22.473239436619718,
              }
            }
          >
            
          </Text>
        </ForwardRef>
        <ForwardRef
          onPress={[Function]}
          style={
            Object {
              "paddingHorizontal": 21.068661971830984,
              "paddingVertical": 9.832042253521127,
            }
          }
        >
          <Text
            style={
              Object {
                "color": "#0073D9",
                "fontSize": 22.473239436619718,
              }
            }
          >
            Done
          </Text>
        </ForwardRef>
      </View>
    </InputAccessoryView>
    <View
      style={
        Object {
          "borderBottomColor": "rgba(255, 255, 255, .1)",
          "borderBottomWidth": 1,
          "height": 1,
          "marginTop": 17,
          "width": "110%",
        }
      }
    />
    <View
      style={
        Object {
          "backgroundColor": "#FFFFFF",
          "borderRadius": 11,
          "marginLeft": 45,
          "marginTop": 34,
          "padding": 11,
        }
      }
    >
      <QrCode
        data=""
        size={225}
      />
    </View>
    <RightChevronButton
      marginRem={
        Array [
          1,
          0,
          0.5,
          0,
        ]
      }
      onPress={[Function]}
      text="Your Receiving Wallet Address"
    />
    <WithTheme(EdgeTextComponent) />
  </View>
  <View
    style={
      Object {
        "flex": 1,
      }
    }
  />
  <ShareButtons
    copyToClipboard={[Function]}
    fioAddressModal={[Function]}
    shareViaShare={[Function]}
  />
</SceneWrapper>
`;

exports[`Request should render with loading props 1`] = `
<ActivityIndicator
  animating={true}
  color="#87939E"
  hidesWhenStopped={true}
  size="large"
  style={
    Object {
      "alignSelf": "center",
      "flex": 1,
    }
  }
/>
`;
